// Jest Snapshot v1, https://goo.gl/fbAQLP

exports[`StaticContentDetailsViewTest renders content page component 1`] = `
"<div className=\\"staticContentInDetailsView\\">
  <h1>
    my test title
     test steps text 
    <ContentLink deps=\\"stub-deps\\" reference=\\"stub-guidance\\" iconName=\\"info\\" />
  </h1>
  <VisualizationToggle checked={true} onClick={[Function: proxy]} label=\\"my test toggle label\\" className=\\"detailsViewToggle\\" visualizationName=\\"my test title\\" />
  <ContentInclude deps=\\"stub-deps\\" content=\\"stub-content\\" />
</div>"
`;
